dropdownService.ts: resolved dbPath and logPath
dropdownService.ts: resolved dbPath and logPath
dropdownService.ts: resolved dbPath and logPath
dropdownService.ts: resolved dbPath and logPath
dropdownService.ts: resolved dbPath and logPath
dropdownService.ts: resolved dbPath and logPath
dropdownService.ts: resolved dbPath and logPath
dropdownService.ts: resolved dbPath and logPath
dropdownService.ts: resolved dbPath and logPath
dropdownService.ts: resolved dbPath and logPath
dropdownService.ts: resolved dbPath and logPath
dropdownService.ts: resolved dbPath and logPath
dropdownService.ts: resolved dbPath and logPath
dropdownService.ts: resolved dbPath and logPath
dropdownService.ts: resolved dbPath and logPath
dropdownService.ts: resolved dbPath and logPath
dropdownService.ts: resolved dbPath and logPath
dropdownService.ts: resolved dbPath and logPath
dropdownService.ts: resolved dbPath and logPath
dropdownService.ts: resolved dbPath and logPath
dropdownService.ts: resolved dbPath and logPath
dropdownService.ts: resolved dbPath and logPath
dropdownService.ts: resolved dbPath and logPath
dropdownService.ts: resolved dbPath and logPath
dropdownService.ts: resolved dbPath and logPath
dropdownService.ts: resolved dbPath and logPath
dropdownService.ts: resolved dbPath and logPath
dropdownService.ts: resolved dbPath and logPath
dropdownService.ts: resolved dbPath and logPath
dropdownService.ts: resolved dbPath and logPath
dropdownService.ts: resolved dbPath and logPath
dropdownService.ts: resolved dbPath and logPath
dropdownService.ts: resolved dbPath and logPath
dropdownService.ts: resolved dbPath and logPath
dropdownService.ts: resolved dbPath and logPath
dropdownService.ts: resolved dbPath and logPath
dropdownService.ts: resolved dbPath and logPath
dropdownService.ts: resolved dbPath and logPath
dropdownService.ts: resolved dbPath and logPath
dropdownService.ts: resolved dbPath and logPath
dropdownService.ts: resolved dbPath and logPath
dropdownService.ts: resolved dbPath and logPath
dropdownService.ts: resolved dbPath and logPath
dropdownService.ts: resolved dbPath and logPath
dropdownService.ts: resolved dbPath and logPath
dropdownService.ts: resolved dbPath and logPath
dropdownService.ts: resolved dbPath and logPath
